
Memory Configuration

Name             Origin             Length             Attributes
*default*        0x0000000000000000 0xffffffffffffffff

Linker script and memory map

                0x0000000000000000                . = 0x0

.text           0x0000000000000000      0x100
 *(vector_start)
 *(.text .rodata)
 .text          0x0000000000000000       0xd0 build/Entry.os
                0x0000000000000000                vector_start
                0x000000000000003c                vector_end
 .text          0x00000000000000d0       0x30 build/main.o
                0x00000000000000d0                main

.glue_7         0x0000000000000100        0x0
 .glue_7        0x0000000000000100        0x0 linker stubs

.glue_7t        0x0000000000000100        0x0
 .glue_7t       0x0000000000000100        0x0 linker stubs

.vfp11_veneer   0x0000000000000100        0x0
 .vfp11_veneer  0x0000000000000100        0x0 linker stubs

.v4_bx          0x0000000000000100        0x0
 .v4_bx         0x0000000000000100        0x0 linker stubs

.iplt           0x0000000000000100        0x0
 .iplt          0x0000000000000100        0x0 build/Entry.os

.rel.dyn        0x0000000000000100        0x0
 .rel.iplt      0x0000000000000100        0x0 build/Entry.os

.data           0x0000000000000100        0x0
 *(.data)
 .data          0x0000000000000100        0x0 build/Entry.os
 .data          0x0000000000000100        0x0 build/main.o

.igot.plt       0x0000000000000100        0x0
 .igot.plt      0x0000000000000100        0x0 build/Entry.os

.bss            0x0000000000000100        0x0
 *(.bss)
 .bss           0x0000000000000100        0x0 build/Entry.os
 .bss           0x0000000000000100        0x0 build/main.o
LOAD build/Entry.os
LOAD build/main.o
OUTPUT(build/navilos.axf elf32-littlearm)

.ARM.attributes
                0x0000000000000000       0x2b
 .ARM.attributes
                0x0000000000000000       0x1d build/Entry.os
 .ARM.attributes
                0x000000000000001d       0x2f build/main.o

.comment        0x0000000000000000       0x11
 .comment       0x0000000000000000       0x11 build/main.o
                                         0x12 (size before relaxing)

.debug_line     0x0000000000000000      0x1af
 .debug_line    0x0000000000000000       0x6c build/Entry.os
 .debug_line    0x000000000000006c      0x143 build/main.o

.debug_info     0x0000000000000000       0xd6
 .debug_info    0x0000000000000000       0x26 build/Entry.os
 .debug_info    0x0000000000000026       0xb0 build/main.o

.debug_abbrev   0x0000000000000000       0x83
 .debug_abbrev  0x0000000000000000       0x14 build/Entry.os
 .debug_abbrev  0x0000000000000014       0x6f build/main.o

.debug_aranges  0x0000000000000000       0x40
 .debug_aranges
                0x0000000000000000       0x20 build/Entry.os
 .debug_aranges
                0x0000000000000020       0x20 build/main.o

.debug_str      0x0000000000000000      0x10d
 .debug_str     0x0000000000000000       0x50 build/Entry.os
 .debug_str     0x0000000000000050       0xbd build/main.o
                                        0x12f (size before relaxing)

.debug_frame    0x0000000000000000       0x30
 .debug_frame   0x0000000000000000       0x30 build/main.o
