Archive member included to satisfy reference by file (symbol)

/home/jo/0_petalinux_2020.2/tools/xsct/gnu/aarch32/lin/gcc-arm-none-eabi/bin/../aarch32-xilinx-eabi/usr/lib/arm-xilinx-eabi/9.2.0/libgcc.a(_udivsi3.o)
                              build/stdio.o (__aeabi_uidiv)
/home/jo/0_petalinux_2020.2/tools/xsct/gnu/aarch32/lin/gcc-arm-none-eabi/bin/../aarch32-xilinx-eabi/usr/lib/arm-xilinx-eabi/9.2.0/libgcc.a(_dvmd_tls.o)
                              /home/jo/0_petalinux_2020.2/tools/xsct/gnu/aarch32/lin/gcc-arm-none-eabi/bin/../aarch32-xilinx-eabi/usr/lib/arm-xilinx-eabi/9.2.0/libgcc.a(_udivsi3.o) (__aeabi_idiv0)

Memory Configuration

Name             Origin             Length             Attributes
*default*        0x0000000000000000 0xffffffffffffffff

Linker script and memory map

LOAD build/Entry.os
LOAD build/main.o
LOAD build/Regs.o
LOAD build/Uart.o
LOAD build/stdio.o
LOAD /home/jo/0_petalinux_2020.2/tools/xsct/gnu/aarch32/lin/gcc-arm-none-eabi/bin/../aarch32-xilinx-eabi/usr/lib/arm-xilinx-eabi/9.2.0/libgcc.a
                0x0000000000000000                . = 0x0

.note.gnu.build-id
                0x0000000000000000       0x24
 .note.gnu.build-id
                0x0000000000000000       0x24 linker stubs

.text           0x0000000000000024      0x8b8
 *(vector_start)
 *(.text .rodata)
 .text          0x0000000000000024       0xd4 build/Entry.os
                0x0000000000000024                vector_start
                0x0000000000000060                vector_end
 .text          0x00000000000000f8       0xe8 build/main.o
                0x00000000000000f8                main
 .rodata        0x00000000000001e0       0x3e build/main.o
 .text          0x000000000000021e        0x0 build/Regs.o
 *fill*         0x000000000000021e        0x2 
 .text          0x0000000000000220      0x15c build/Uart.o
                0x0000000000000220                Hal_uart_init
                0x0000000000000298                Hal_uart_put_char
                0x00000000000002f4                Hal_uart_get_char
 .text          0x000000000000037c      0x440 build/stdio.o
                0x000000000000037c                putstr
                0x00000000000003dc                debug_printf
                0x000000000000042c                vsprintf
                0x00000000000006ac                utoa
 .rodata        0x00000000000007bc        0x7 build/stdio.o
 *fill*         0x00000000000007c3        0x1 
 .text          0x00000000000007c4      0x114 /home/jo/0_petalinux_2020.2/tools/xsct/gnu/aarch32/lin/gcc-arm-none-eabi/bin/../aarch32-xilinx-eabi/usr/lib/arm-xilinx-eabi/9.2.0/libgcc.a(_udivsi3.o)
                0x00000000000007c4                __udivsi3
                0x00000000000007c4                __aeabi_uidiv
                0x00000000000008b8                __aeabi_uidivmod
 .text          0x00000000000008d8        0x4 /home/jo/0_petalinux_2020.2/tools/xsct/gnu/aarch32/lin/gcc-arm-none-eabi/bin/../aarch32-xilinx-eabi/usr/lib/arm-xilinx-eabi/9.2.0/libgcc.a(_dvmd_tls.o)
                0x00000000000008d8                __aeabi_ldiv0
                0x00000000000008d8                __aeabi_idiv0

.glue_7         0x00000000000008dc        0x0
 .glue_7        0x00000000000008dc        0x0 linker stubs

.glue_7t        0x00000000000008dc        0x0
 .glue_7t       0x00000000000008dc        0x0 linker stubs

.vfp11_veneer   0x00000000000008dc        0x0
 .vfp11_veneer  0x00000000000008dc        0x0 linker stubs

.v4_bx          0x00000000000008dc        0x0
 .v4_bx         0x00000000000008dc        0x0 linker stubs

.iplt           0x00000000000008dc        0x0
 .iplt          0x00000000000008dc        0x0 build/Entry.os

.rel.dyn        0x00000000000008dc        0x0
 .rel.iplt      0x00000000000008dc        0x0 build/Entry.os

.data           0x00000000000008dc        0x4
 *(.data)
 .data          0x00000000000008dc        0x0 build/Entry.os
 .data          0x00000000000008dc        0x0 build/main.o
 .data          0x00000000000008dc        0x4 build/Regs.o
                0x00000000000008dc                Uart
 .data          0x00000000000008e0        0x0 build/Uart.o
 .data          0x00000000000008e0        0x0 build/stdio.o
 .data          0x00000000000008e0        0x0 /home/jo/0_petalinux_2020.2/tools/xsct/gnu/aarch32/lin/gcc-arm-none-eabi/bin/../aarch32-xilinx-eabi/usr/lib/arm-xilinx-eabi/9.2.0/libgcc.a(_udivsi3.o)
 .data          0x00000000000008e0        0x0 /home/jo/0_petalinux_2020.2/tools/xsct/gnu/aarch32/lin/gcc-arm-none-eabi/bin/../aarch32-xilinx-eabi/usr/lib/arm-xilinx-eabi/9.2.0/libgcc.a(_dvmd_tls.o)

.igot.plt       0x00000000000008e0        0x0
 .igot.plt      0x00000000000008e0        0x0 build/Entry.os

.bss            0x00000000000008e0      0x400
 *(.bss)
 .bss           0x00000000000008e0        0x0 build/Entry.os
 .bss           0x00000000000008e0        0x0 build/main.o
 .bss           0x00000000000008e0        0x0 build/Regs.o
 .bss           0x00000000000008e0        0x0 build/Uart.o
 .bss           0x00000000000008e0      0x400 build/stdio.o
 .bss           0x0000000000000ce0        0x0 /home/jo/0_petalinux_2020.2/tools/xsct/gnu/aarch32/lin/gcc-arm-none-eabi/bin/../aarch32-xilinx-eabi/usr/lib/arm-xilinx-eabi/9.2.0/libgcc.a(_udivsi3.o)
 .bss           0x0000000000000ce0        0x0 /home/jo/0_petalinux_2020.2/tools/xsct/gnu/aarch32/lin/gcc-arm-none-eabi/bin/../aarch32-xilinx-eabi/usr/lib/arm-xilinx-eabi/9.2.0/libgcc.a(_dvmd_tls.o)
OUTPUT(build/navilos.axf elf32-littlearm)

.ARM.attributes
                0x0000000000000000       0x2b
 .ARM.attributes
                0x0000000000000000       0x1d build/Entry.os
 .ARM.attributes
                0x000000000000001d       0x2f build/main.o
 .ARM.attributes
                0x000000000000004c       0x2f build/Regs.o
 .ARM.attributes
                0x000000000000007b       0x2f build/Uart.o
 .ARM.attributes
                0x00000000000000aa       0x2f build/stdio.o
 .ARM.attributes
                0x00000000000000d9       0x1c /home/jo/0_petalinux_2020.2/tools/xsct/gnu/aarch32/lin/gcc-arm-none-eabi/bin/../aarch32-xilinx-eabi/usr/lib/arm-xilinx-eabi/9.2.0/libgcc.a(_udivsi3.o)
 .ARM.attributes
                0x00000000000000f5       0x1c /home/jo/0_petalinux_2020.2/tools/xsct/gnu/aarch32/lin/gcc-arm-none-eabi/bin/../aarch32-xilinx-eabi/usr/lib/arm-xilinx-eabi/9.2.0/libgcc.a(_dvmd_tls.o)

.comment        0x0000000000000000       0x11
 .comment       0x0000000000000000       0x11 build/main.o
                                         0x12 (size before relaxing)
 .comment       0x0000000000000011       0x12 build/Regs.o
 .comment       0x0000000000000011       0x12 build/Uart.o
 .comment       0x0000000000000011       0x12 build/stdio.o

.debug_line     0x0000000000000000      0x75c
 .debug_line    0x0000000000000000       0x6d build/Entry.os
 .debug_line    0x000000000000006d      0x17a build/main.o
 .debug_line    0x00000000000001e7      0x143 build/Regs.o
 .debug_line    0x000000000000032a      0x1c6 build/Uart.o
 .debug_line    0x00000000000004f0      0x26c build/stdio.o

.debug_info     0x0000000000000000     0x1b1e
 .debug_info    0x0000000000000000       0x26 build/Entry.os
 .debug_info    0x0000000000000026      0x106 build/main.o
 .debug_info    0x000000000000012c      0xb52 build/Regs.o
 .debug_info    0x0000000000000c7e      0xbcd build/Uart.o
 .debug_info    0x000000000000184b      0x2d3 build/stdio.o

.debug_abbrev   0x0000000000000000      0x450
 .debug_abbrev  0x0000000000000000       0x14 build/Entry.os
 .debug_abbrev  0x0000000000000014       0xa1 build/main.o
 .debug_abbrev  0x00000000000000b5       0xf8 build/Regs.o
 .debug_abbrev  0x00000000000001ad      0x172 build/Uart.o
 .debug_abbrev  0x000000000000031f      0x131 build/stdio.o

.debug_aranges  0x0000000000000000       0x98
 .debug_aranges
                0x0000000000000000       0x20 build/Entry.os
 .debug_aranges
                0x0000000000000020       0x20 build/main.o
 .debug_aranges
                0x0000000000000040       0x18 build/Regs.o
 .debug_aranges
                0x0000000000000058       0x20 build/Uart.o
 .debug_aranges
                0x0000000000000078       0x20 build/stdio.o

.debug_str      0x0000000000000000      0x516
 .debug_str     0x0000000000000000       0x50 build/Entry.os
 .debug_str     0x0000000000000050       0xe8 build/main.o
                                        0x167 (size before relaxing)
 .debug_str     0x0000000000000138      0x30c build/Regs.o
                                        0x43b (size before relaxing)
 .debug_str     0x0000000000000444       0x51 build/Uart.o
                                        0x484 (size before relaxing)
 .debug_str     0x0000000000000495       0x81 build/stdio.o
                                        0x1c5 (size before relaxing)

.debug_frame    0x0000000000000000      0x168
 .debug_frame   0x0000000000000000       0x4c build/main.o
 .debug_frame   0x000000000000004c       0x70 build/Uart.o
 .debug_frame   0x00000000000000bc       0xac build/stdio.o
